# Pass "incompat-original": the original mod, which this one declares itself incompatible with, beside it and
# beside Medieval Overhaul (the original's Medieval Overhaul folder is what loads with it).
#
# SirMashedPotato.InsectsHaveNoBones, Workshop 2041677515, declares 1.3, 1.4 and 1.5. About.xml names it in
# incompatibleWith. RimWorld does not refuse two mods that patch the same defs. The original's patch names
# DankPyon.ButcherProperties, a class Medieval Overhaul renamed, and the game logs that; feature 07 asserts the
# line, so a green run says the incompatibility is still worth declaring. It goes red the day the original is
# updated, which is the day the declaration can be reconsidered.
#
# Medieval Overhaul comes from the WSL cache (downloaded 2026-09-28) and needs Harmony, Vanilla Expanded Framework and
# [SYR] Processor Framework, named below before it. The original is in the Windows Workshop folder.
OskarPotocki.VanillaFactionsExpanded.Core 2023507013
syrchalis.processor.framework 3210544395
DankPyon.Medieval.Overhaul 3219596926
SirMashedPotato.InsectsHaveNoBones 2041677515